**
(main.tex
LaTeX2e <2021-11-15> patch level 1
L3 programming layer <2022-02-24> (Setup/template_isec_class.cls

LaTeX Warning: You have requested document class `Setup/template_isec_class',
               but the document class provides `template_isec_class'.

Document Class: template_isec_class 2023/01/06 Template class
(book.cls
Document Class: book 2021/10/04 v1.4n Standard LaTeX document class
(bk12.clo
File: bk12.clo 2021/10/04 v1.4n Standard LaTeX file (size option)
)
\c@part=\count181
\c@chapter=\count182
\c@section=\count183
\c@subsection=\count184
\c@subsubsection=\count185
\c@paragraph=\count186
\c@subparagraph=\count187
\c@figure=\count188
\c@table=\count189
\abovecaptionskip=\skip47
\belowcaptionskip=\skip48
\bibindent=\dimen138
)) (Setup/template_isec_package.sty

LaTeX Warning: You have requested package `Setup/template_isec_package',
               but the package provides `template_isec_package'.

Package: template_isec_package 2023/01/06 Template package
(fontenc.sty
Package: fontenc 2021/04/29 v2.0v Standard LaTeX package
LaTeX Font Info:    Trying to load font information for T1+lmr on input line 11
2.
 (t1lmr.fd
File: t1lmr.fd 2015/05/01 v1.6.1 Font defs for Latin Modern
)) (babel.sty
Package: babel 2022/02/26 3.73 The Babel package
\babel@savecnt=\count190
\U@D=\dimen139
\l@unhyphenated=\language87
 (xebabel.def (txtbabel.def))
\bbl@readstream=\read2
\bbl@dirlevel=\count191
 (english.ldf
Language: english 2017/06/06 v3.3r English support from the babel system
Package babel Info: Hyphen rules for 'canadian' set to \l@english
(babel)             (\language0). Reported on input line 102.
Package babel Info: Hyphen rules for 'australian' set to \l@ukenglish
(babel)             (\language21). Reported on input line 105.
Package babel Info: Hyphen rules for 'newzealand' set to \l@ukenglish
(babel)             (\language21). Reported on input line 108.
)
(portuguese.ldf
Language: portuges 2021/07/09 v1.2t Portuguese support from the babel system
Package babel Info: Making " an active character on input line 143.
)) (tgpagella.sty
Package: tgpagella 2009/09/27 v1.2 TeX Gyre Pagella as default roman family
 (kvoptions.sty
Package: kvoptions 2020-10-07 v3.14 Key value format for package options (HO)
 (keyval.sty
Package: keyval 2014/10/28 v1.15 key=value parser (DPC)
\KV@toks@=\toks16
) (ltxcmds.sty
Package: ltxcmds 2020-05-10 v1.25 LaTeX kernel commands for general use (HO)
)
(kvsetkeys.sty
Package: kvsetkeys 2019/12/15 v1.18 Key value parser (HO)
))) (hyphenat.sty
Package: hyphenat 2009/09/02 v2.3c hyphenation utilities
\langwohyphens=\language88
LaTeX Info: Redefining \_ on input line 43.
) (geometry.sty
Package: geometry 2020/01/02 v5.9 Page Geometry
 (ifvtex.sty
Package: ifvtex 2019/10/25 v1.7 ifvtex legacy package. Use iftex instead.
 (iftex.sty
Package: iftex 2022/02/03 v1.0f TeX engine tests
))
\Gm@cnth=\count192
\Gm@cntv=\count193
\c@Gm@tempcnt=\count194
\Gm@bindingoffset=\dimen140
\Gm@wd@mp=\dimen141
\Gm@odd@mp=\dimen142
\Gm@even@mp=\dimen143
\Gm@layoutwidth=\dimen144
\Gm@layoutheight=\dimen145
\Gm@layouthoffset=\dimen146
\Gm@layoutvoffset=\dimen147
\Gm@dimlist=\toks17
)
(setspace.sty
Package: setspace 2011/12/19 v6.7a set line spacing
)
LaTeX Font Info:    Trying to load font information for T1+qpl on input line 30
.
 (t1qpl.fd
File: t1qpl.fd 2009/09/25 v1.2 font definition file for T1/qpl
) (tocloft.sty
Package: tocloft 2017/08/31 v2.3i parameterised ToC, etc., typesetting
Package tocloft Info: The document has chapter divisions on input line 51.
\cftparskip=\skip49
\cftbeforetoctitleskip=\skip50
\cftaftertoctitleskip=\skip51
\cftbeforepartskip=\skip52
\cftpartnumwidth=\skip53
\cftpartindent=\skip54
\cftbeforechapskip=\skip55
\cftchapindent=\skip56
\cftchapnumwidth=\skip57
\cftbeforesecskip=\skip58
\cftsecindent=\skip59
\cftsecnumwidth=\skip60
\cftbeforesubsecskip=\skip61
\cftsubsecindent=\skip62
\cftsubsecnumwidth=\skip63
\cftbeforesubsubsecskip=\skip64
\cftsubsubsecindent=\skip65
\cftsubsubsecnumwidth=\skip66
\cftbeforeparaskip=\skip67
\cftparaindent=\skip68
\cftparanumwidth=\skip69
\cftbeforesubparaskip=\skip70
\cftsubparaindent=\skip71
\cftsubparanumwidth=\skip72
\cftbeforeloftitleskip=\skip73
\cftafterloftitleskip=\skip74
\cftbeforefigskip=\skip75
\cftfigindent=\skip76
\cftfignumwidth=\skip77
\c@lofdepth=\count195
\c@lotdepth=\count196
\cftbeforelottitleskip=\skip78
\cftafterlottitleskip=\skip79
\cftbeforetabskip=\skip80
\cfttabindent=\skip81
\cfttabnumwidth=\skip82
) (parskip.sty
Package: parskip 2021-03-14 v2.0h non-zero parskip adjustments
 (etoolbox.sty
Package: etoolbox 2020/10/05 v2.5k e-TeX tools for LaTeX (JAW)
\etb@tempcnta=\count197
))
(graphicx.sty
Package: graphicx 2021/09/16 v1.2d Enhanced LaTeX Graphics (DPC,SPQR)
 (graphics.sty
Package: graphics 2021/03/04 v1.4d Standard LaTeX Graphics (DPC,SPQR)
 (trig.sty
Package: trig 2021/08/11 v1.11 sin cos tan (DPC)
) (graphics.cfg
File: graphics.cfg 2016/06/04 v1.11 sample graphics configuration
)
Package graphics Info: Driver file: xetex.def on input line 107.
 (xetex.def
File: xetex.def 2021/03/18 v5.0k Graphics/color driver for xetex
))
\Gin@req@height=\dimen148
\Gin@req@width=\dimen149
)
(pdfpages.sty
Package: pdfpages 2022/01/29 v0.5u Insert pages of external PDF documents (AM)
 (ifthen.sty
Package: ifthen 2020/11/24 v1.1c Standard LaTeX ifthen package (DPC)
) (calc.sty
Package: calc 2017/05/25 v4.3 Infix arithmetic (KKT,FJ)
\calc@Acount=\count198
\calc@Bcount=\count199
\calc@Adimen=\dimen150
\calc@Bdimen=\dimen151
\calc@Askip=\skip83
\calc@Bskip=\skip84
LaTeX Info: Redefining \setlength on input line 80.
LaTeX Info: Redefining \addtolength on input line 81.
\calc@Ccount=\count266
\calc@Cskip=\skip85
) (eso-pic.sty
Package: eso-pic 2020/10/14 v3.0a eso-pic (RN)
\ESO@tempdima=\dimen152
\ESO@tempdimb=\dimen153
 (xcolor.sty
Package: xcolor 2021/10/31 v2.13 LaTeX color extensions (UK)
 (color.cfg
File: color.cfg 2016/01/02 v1.6 sample color configuration
)
Package xcolor Info: Driver file: xetex.def on input line 227.
Package xcolor Info: Model `cmy' substituted by `cmy0' on input line 1352.
Package xcolor Info: Model `RGB' extended on input line 1368.
Package xcolor Info: Model `HTML' substituted by `rgb' on input line 1370.
Package xcolor Info: Model `Hsb' substituted by `hsb' on input line 1371.
Package xcolor Info: Model `tHsb' substituted by `hsb' on input line 1372.
Package xcolor Info: Model `HSB' substituted by `hsb' on input line 1373.
Package xcolor Info: Model `Gray' substituted by `gray' on input line 1374.
Package xcolor Info: Model `wave' substituted by `hsb' on input line 1375.
))
\AM@pagewidth=\dimen154
\AM@pageheight=\dimen155
\AM@fboxrule=\dimen156

(ppxetex.def
File: ppxetex.def 2022/01/29 v0.5u Pdfpages driver for XeTeX (AM)
)
\pdfpages@includegraphics@status=\count267
\AM@pagebox=\box50
\AM@global@opts=\toks18
\AM@pagecnt=\count268
\AM@toc@title=\toks19
\c@AM@survey=\count269
\AM@templatesizebox=\box51
) (fancyhdr.sty
Package: fancyhdr 2021/01/28 v4.0.1 Extensive control of page headers and foote
rs
\f@nch@headwidth=\skip86
\f@nch@O@elh=\skip87
\f@nch@O@erh=\skip88
\f@nch@O@olh=\skip89
\f@nch@O@orh=\skip90
\f@nch@O@elf=\skip91
\f@nch@O@erf=\skip92
\f@nch@O@olf=\skip93
\f@nch@O@orf=\skip94
) (truncate.sty
Package: truncate 2001/08/20  ver 3.6
\@Trunc@RestHyph=\toks20
)) (extras.sty (url.sty
\Urlmuskip=\muskip16
Package: url 2013/09/16  ver 3.4  Verb mode for urls, etc.
)
(hyperref.sty
Package: hyperref 2022-02-21 v7.00n Hypertext links for LaTeX
 (pdftexcmds.sty
Package: pdftexcmds 2020-06-27 v0.33 Utility functions of pdfTeX for LuaTeX (HO
)
 (infwarerr.sty
Package: infwarerr 2019/12/03 v1.5 Providing info/warning/error messages (HO)
)
Package pdftexcmds Info: \pdf@primitive is available.
Package pdftexcmds Info: \pdf@ifprimitive is available.
Package pdftexcmds Info: \pdfdraftmode not found.
) (kvdefinekeys.sty
Package: kvdefinekeys 2019-12-19 v1.6 Define keys (HO)
)
(pdfescape.sty
Package: pdfescape 2019/12/09 v1.15 Implements pdfTeX's escape features (HO)
) (hycolor.sty
Package: hycolor 2020-01-27 v1.10 Color options for hyperref/bookmark (HO)
) (letltxmacro.sty
Package: letltxmacro 2019/12/03 v1.6 Let assignment for LaTeX macros (HO)
) (auxhook.sty
Package: auxhook 2019-12-17 v1.6 Hooks for auxiliary files (HO)
)
\@linkdim=\dimen157
\Hy@linkcounter=\count270
\Hy@pagecounter=\count271
 (pd1enc.def
File: pd1enc.def 2022-02-21 v7.00n Hyperref: PDFDocEncoding definition (HO)
)
(intcalc.sty
Package: intcalc 2019/12/15 v1.3 Expandable calculations with integers (HO)
) (etexcmds.sty
Package: etexcmds 2019/12/15 v1.7 Avoid name clashes with e-TeX commands (HO)
)
\Hy@SavedSpaceFactor=\count272
 (puenc.def
File: puenc.def 2022-02-21 v7.00n Hyperref: PDF Unicode definition (HO)
)
Package hyperref Info: Hyper figures OFF on input line 4137.
Package hyperref Info: Link nesting OFF on input line 4142.
Package hyperref Info: Hyper index ON on input line 4145.
Package hyperref Info: Plain pages OFF on input line 4152.
Package hyperref Info: Backreferencing OFF on input line 4157.
Package hyperref Info: Implicit mode ON; LaTeX internals redefined.
Package hyperref Info: Bookmarks ON on input line 4390.
\c@Hy@tempcnt=\count273
LaTeX Info: Redefining \url on input line 4749.
\XeTeXLinkMargin=\dimen158
 (bitset.sty
Package: bitset 2019/12/09 v1.3 Handle bit-vector datatype (HO)
 (bigintcalc.sty
Package: bigintcalc 2019/12/15 v1.5 Expandable calculations on big integers (HO
)
))
\Fld@menulength=\count274
\Field@Width=\dimen159
\Fld@charsize=\dimen160
Package hyperref Info: Hyper figures OFF on input line 6027.
Package hyperref Info: Link nesting OFF on input line 6032.
Package hyperref Info: Hyper index ON on input line 6035.
Package hyperref Info: backreferencing OFF on input line 6042.
Package hyperref Info: Link coloring OFF on input line 6047.
Package hyperref Info: Link coloring with OCG OFF on input line 6052.
Package hyperref Info: PDF/A mode OFF on input line 6057.
LaTeX Info: Redefining \ref on input line 6097.
LaTeX Info: Redefining \pageref on input line 6101.

(atbegshi-ltx.sty
Package: atbegshi-ltx 2021/01/10 v1.0c Emulation of the original atbegshi
package with kernel methods
)
\Hy@abspage=\count275
\c@Item=\count276
\c@Hfootnote=\count277
)
Package hyperref Info: Driver (autodetected): hxetex.
 (hxetex.def
File: hxetex.def 2022-02-21 v7.00n Hyperref driver for XeTeX
 (stringenc.sty
Package: stringenc 2019/11/29 v1.12 Convert strings between diff. encodings (HO
)
)
\pdfm@box=\box52
\c@Hy@AnnotLevel=\count278
\HyField@AnnotCount=\count279
\Fld@listcount=\count280
\c@bookmark@seq@number=\count281
 (rerunfilecheck.sty
Package: rerunfilecheck 2019/12/05 v1.9 Rerun checks for auxiliary files (HO)

(atveryend-ltx.sty
Package: atveryend-ltx 2020/08/19 v1.0a Emulation of the original atveryend pac
kage
with kernel methods
) (uniquecounter.sty
Package: uniquecounter 2019/12/15 v1.4 Provide unlimited unique counter (HO)
)
Package uniquecounter Info: New unique counter `rerunfilecheck' on input line 2
86.
)
\Hy@SectionHShift=\skip95
)
Package hyperref Info: Option `breaklinks' set `true' on input line 15.
 (notoccite.sty
Package: notoccite 2000/07/20
) (caption.sty
Package: caption 2022/03/01 v3.6b Customizing captions (AR)

(caption3.sty
Package: caption3 2022/03/17 v2.3b caption3 kernel (AR)
\caption@tempdima=\dimen161
\captionmargin=\dimen162
\caption@leftmargin=\dimen163
\caption@rightmargin=\dimen164
\caption@width=\dimen165
\caption@indent=\dimen166
\caption@parindent=\dimen167
\caption@hangindent=\dimen168
Package caption Info: Standard document class detected.
)
\c@caption@flags=\count282
\c@continuedfloat=\count283
Package caption Info: hyperref package is loaded.
) (subcaption.sty
Package: subcaption 2022/01/07 v1.5 Sub-captions (AR)
\c@subfigure=\count284
\c@subtable=\count285
) (placeins.sty
Package: placeins 2005/04/18  v 2.2
) (tabularray.sty (expl3.sty
Package: expl3 2022-02-24 L3 programming layer (loader) 

(l3backend-xetex.def
File: l3backend-xetex.def 2022-02-07 L3 backend support: XeTeX
\c__kernel_sys_dvipdfmx_version_int=\count286
\l__color_backend_stack_int=\count287
\g__color_backend_stack_int=\count288
\g__graphics_track_int=\count289
\l__pdf_internal_box=\box53
\g__pdf_backend_object_int=\count290
\g__pdf_backend_annotation_int=\count291
\g__pdf_backend_link_int=\count292
))
Package: tabularray 2022-03-01 v2022A Typeset tabulars and arrays with LaTeX3
\l__tblr_a_int=\count293
\l__tblr_c_int=\count294
\l__tblr_r_int=\count295
\l__tblr_d_dim=\dimen169
\l__tblr_h_dim=\dimen170
\l__tblr_o_dim=\dimen171
\l__tblr_p_dim=\dimen172
\l__tblr_q_dim=\dimen173
\l__tblr_r_dim=\dimen174
\l__tblr_s_dim=\dimen175
\l__tblr_t_dim=\dimen176
\l__tblr_v_dim=\dimen177
\l__tblr_w_dim=\dimen178
\l__tblr_a_box=\box54
\l__tblr_b_box=\box55
\l__tblr_c_box=\box56
\l__tblr_d_box=\box57
\g__tblr_table_count_int=\count296
\c@rownum=\count297
\c@colnum=\count298
\c@rowcount=\count299
\c@colcount=\count300
\abovesep=\dimen179
\belowsep=\dimen180
\leftsep=\dimen181
\rightsep=\dimen182
\g_tblr_level_int=\count301
\g__tblr_data_row_key_count_int=\count302
\g__tblr_data_column_key_count_int=\count303
\g__tblr_data_cell_key_count_int=\count304
\g__tblr_array_int=\count305
\l__tblr_key_count_int=\count306
\l__tblr_key_quotient_int=\count307
\l__tblr_key_quotient_two_int=\count308
\l__tblr_key_remainder_int=\count309
\g__tblr_data_str_value_count_int=\count310
\rulewidth=\dimen183
\l__tblr_strut_ht_box=\box58
\l__tblr_strut_dp_box=\box59
\g__tblr_cell_wd_dim=\dimen184
\g__tblr_cell_ht_dim=\dimen185
\g__tblr_cell_head_dim=\dimen186
\g__tblr_cell_foot_dim=\dimen187
\l__column_target_dim=\dimen188
\l__tblr_caption_box=\box60
\l__tblr_caption_left_box=\box61
\l__tblr_row_head_box=\box62
\l__tblr_row_foot_box=\box63
\l__tblr_row_head_foot_dim=\dimen189
\tablewidth=\dimen190
\l__tblr_table_firsthead_box=\box64
\l__tblr_table_middlehead_box=\box65
\l__tblr_table_lasthead_box=\box66
\l__tblr_table_firstfoot_box=\box67
\l__tblr_table_middlefoot_box=\box68
\l__tblr_table_lastfoot_box=\box69
\l__tblr_remain_height_dim=\dimen191
\l__tblr_long_from_int=\count311
\l__tblr_long_to_int=\count312
\l__tblr_curr_i_int=\count313
\l__tblr_prev_i_int=\count314
\l__tblr_table_page_int=\count315
\l__tblr_table_head_box=\box70
\l__tblr_table_foot_box=\box71
\l__tblr_table_head_foot_dim=\dimen192
\l__tblr_table_head_body_foot_dim=\dimen193
\l__tblr_table_box=\box72
\l__tblr_table_hlines_box=\box73
\l__tblr_hline_box=\box74
\l__tblr_row_box=\box75
\l__tblr_col_o_wd_dim=\dimen194
\l__tblr_col_b_wd_dim=\dimen195
\l__tblr_hline_leftskip_dim=\dimen196
\l__tblr_hline_rightskip_dim=\dimen197
\l__tblr_row_ht_dim=\dimen198
\l__tblr_row_dp_dim=\dimen199
\l__tblr_row_abovesep_dim=\dimen256
\l__tblr_row_belowsep_dim=\dimen257
\l__tblr_row_vlines_box=\box76
\l__tblr_vline_box=\box77
\l__tblr_cell_box=\box78
\l__row_upper_dim=\dimen258
\l__row_lower_dim=\dimen259
\l__row_vpace_dim=\dimen260
\l__tblr_vline_aboveskip_dim=\dimen261
\l__tblr_vline_belowskip_dim=\dimen262
\l__tblr_cell_wd_dim=\dimen263
\l__tblr_cell_ht_dim=\dimen264
\l__tblr_diag_box=\box79
)
\c@definition=\count316
\c@example=\count317
\c@proposition=\count318
) (amsfonts.sty
Package: amsfonts 2013/01/14 v3.01 Basic AMSFonts support
\@emptytoks=\toks21
\symAMSa=\mathgroup4
\symAMSb=\mathgroup5
LaTeX Font Info:    Redeclaring math symbol \hbar on input line 98.
LaTeX Font Info:    Overwriting math alphabet `\mathfrak' in version `bold'
(Font)                  U/euf/m/n --> U/euf/b/n on input line 106.
) (amsmath.sty
Package: amsmath 2021/10/15 v2.17l AMS math features
\@mathmargin=\skip96

For additional information on amsmath, use the `?' option.
(amstext.sty
Package: amstext 2021/08/26 v2.01 AMS text
 (amsgen.sty
File: amsgen.sty 1999/11/30 v2.0 generic functions
\@emptytoks=\toks22
\ex@=\dimen265
)) (amsbsy.sty
Package: amsbsy 1999/11/29 v1.2d Bold Symbols
\pmbraise@=\dimen266
) (amsopn.sty
Package: amsopn 2021/08/26 v2.02 operator names
)
\inf@bad=\count319
LaTeX Info: Redefining \frac on input line 234.
\uproot@=\count320
\leftroot@=\count321
LaTeX Info: Redefining \overline on input line 399.
\classnum@=\count322
\DOTSCASE@=\count323
LaTeX Info: Redefining \ldots on input line 496.
LaTeX Info: Redefining \dots on input line 499.
LaTeX Info: Redefining \cdots on input line 620.
\Mathstrutbox@=\box80
\strutbox@=\box81
\big@size=\dimen267
LaTeX Font Info:    Redeclaring font encoding OML on input line 743.
LaTeX Font Info:    Redeclaring font encoding OMS on input line 744.
\macc@depth=\count324
\c@MaxMatrixCols=\count325
\dotsspace@=\muskip17
\c@parentequation=\count326
\dspbrk@lvl=\count327
\tag@help=\toks23
\row@=\count328
\column@=\count329
\maxfields@=\count330
\andhelp@=\toks24
\eqnshift@=\dimen268
\alignsep@=\dimen269
\tagshift@=\dimen270
\tagwidth@=\dimen271
\totwidth@=\dimen272
\lineht@=\dimen273
\@envbody=\toks25
\multlinegap=\skip97
\multlinetaggap=\skip98
\mathdisplay@stack=\toks26
LaTeX Info: Redefining \[ on input line 2938.
LaTeX Info: Redefining \] on input line 2939.
) (amssymb.sty
Package: amssymb 2013/01/14 v3.01 AMS font symbols
)
(algorithm.sty
Invalid UTF-8 byte or sequence at line 11 replaced by U+FFFD.
Package: algorithm 2009/08/24 v0.1 Document Style `algorithm' - floating enviro
nment
 (float.sty
Package: float 2001/11/08 v1.3d Float enhancements (AL)
\c@float@type=\count331
\float@exts=\toks27
\float@box=\box82
\@float@everytoks=\toks28
\@floatcapt=\box83
)
\@float@every@algorithm=\toks29
\c@algorithm=\count332
) (algpseudocode.sty
Package: algpseudocode 
 (algorithmicx.sty
Package: algorithmicx 2005/04/27 v1.2 Algorithmicx

Document Style algorithmicx 1.2 - a greatly improved `algorithmic' style
\c@ALG@line=\count333
\c@ALG@rem=\count334
\c@ALG@nested=\count335
\ALG@tlm=\skip99
\ALG@thistlm=\skip100
\c@ALG@Lnr=\count336
\c@ALG@blocknr=\count337
\c@ALG@storecount=\count338
\c@ALG@tmpcounter=\count339
\ALG@tmplength=\skip101
)
Document Style - pseudocode environments for use with the `algorithmicx' style
) (main.aux)
\openout1 = `main.aux'.

LaTeX Font Info:    Checking defaults for OML/cmm/m/it on input line 22.
LaTeX Font Info:    ... okay on input line 22.
LaTeX Font Info:    Checking defaults for OMS/cmsy/m/n on input line 22.
LaTeX Font Info:    ... okay on input line 22.
LaTeX Font Info:    Checking defaults for OT1/cmr/m/n on input line 22.
LaTeX Font Info:    ... okay on input line 22.
LaTeX Font Info:    Checking defaults for T1/cmr/m/n on input line 22.
LaTeX Font Info:    ... okay on input line 22.
LaTeX Font Info:    Checking defaults for TS1/cmr/m/n on input line 22.
LaTeX Font Info:    Trying to load font information for TS1+cmr on input line 2
2.
 (ts1cmr.fd
File: ts1cmr.fd 2019/12/16 v2.5j Standard LaTeX font definitions
)
LaTeX Font Info:    ... okay on input line 22.
LaTeX Font Info:    Checking defaults for TU/lmr/m/n on input line 22.
LaTeX Font Info:    ... okay on input line 22.
LaTeX Font Info:    Checking defaults for OMX/cmex/m/n on input line 22.
LaTeX Font Info:    ... okay on input line 22.
LaTeX Font Info:    Checking defaults for U/cmr/m/n on input line 22.
LaTeX Font Info:    ... okay on input line 22.
LaTeX Font Info:    Checking defaults for PD1/pdf/m/n on input line 22.
LaTeX Font Info:    ... okay on input line 22.
LaTeX Font Info:    Checking defaults for PU/pdf/m/n on input line 22.
LaTeX Font Info:    ... okay on input line 22.

*geometry* driver: auto-detecting
*geometry* detected driver: xetex
*geometry* verbose mode - [ preamble ] result:
* driver: xetex
* paper: a4paper
* layout: <same size as paper>
* layoutoffset:(h,v)=(0.0pt,0.0pt)
* modes: twoside 
* h-part:(L,W,R)=(72.2698pt, 452.96826pt, 72.2698pt)
* v-part:(T,H,B)=(72.2698pt, 700.50723pt, 72.2698pt)
* \paperwidth=597.50787pt
* \paperheight=845.04684pt
* \textwidth=452.96826pt
* \textheight=700.50723pt
* \oddsidemargin=-0.00018pt
* \evensidemargin=-0.00018pt
* \topmargin=-31.87398pt
* \headheight=12.0pt
* \headsep=19.8738pt
* \topskip=12.0pt
* \footskip=30.0pt
* \marginparwidth=88.0pt
* \marginparsep=7.0pt
* \columnsep=10.0pt
* \skip\footins=10.8pt plus 4.0pt minus 2.0pt
* \hoffset=0.0pt
* \voffset=0.0pt
* \mag=1000
* \@twocolumnfalse
* \@twosidetrue
* \@mparswitchtrue
* \@reversemarginfalse
* (1in=72.27pt=25.4mm, 1cm=28.453pt)

(pdflscape.sty
Package: pdflscape 2019/12/05 v0.12 Display of landscape pages in PDF (HO)
 (lscape.sty
Package: lscape 2020/05/28 v3.02 Landscape Pages (DPC)
)
Package pdflscape Info: Auto-detected driver: dvipdfm (xetex) on input line 98.

)
Package hyperref Info: Link coloring OFF on input line 22.
 (nameref.sty
Package: nameref 2021-04-02 v2.47 Cross-referencing by name of section
 (refcount.sty
Package: refcount 2019/12/15 v3.6 Data extraction from label references (HO)
) (gettitlestring.sty
Package: gettitlestring 2019/12/15 v1.6 Cleanup title references (HO)
)
\c@section@level=\count340
)
LaTeX Info: Redefining \ref on input line 22.
LaTeX Info: Redefining \pageref on input line 22.
LaTeX Info: Redefining \nameref on input line 22.

(main.out) (main.out)
\@outlinefile=\write3
\openout3 = `main.out'.

Package caption Info: Begin \AtBeginDocument code.
Package caption Info: float package is loaded.
Package caption Info: End \AtBeginDocument code.
 (ninecolors.sty
Package: ninecolors 2022-02-13 vv2022D Select colors with proper color contrast

 (xparse.sty
Package: xparse 2022-01-12 L3 Experimental document command parser
))
File: Inicio/capa.pdf Graphic file (type pdf)
<use Inicio/capa.pdf>
File: Inicio/capa.pdf Graphic file (type pdf)
<use Inicio/capa.pdf>
File: Inicio/capa.pdf Graphic file (type pdf)
<use Inicio/capa.pdf, page 1>
File: Inicio/capa.pdf Graphic file (type pdf)
<use Inicio/capa.pdf, page 1>
File: Inicio/capa.pdf Graphic file (type pdf)
<use Inicio/capa.pdf, page 1>
File: Inicio/capa.pdf Graphic file (type pdf)
<use Inicio/capa.pdf, page 1>
File: Inicio/capa.pdf Graphic file (type pdf)
<use Inicio/capa.pdf, page 1>
 [1

] (Inicio/resumo)
[1] (Inicio/abstract) [2] (Inicio/epigrafe) [3] (Inicio/dedicatoria) [4]
(Inicio/agradecimentos) [5] (main.toc
LaTeX Font Info:    Trying to load font information for U+msa on input line 2.
 (umsa.fd
File: umsa.fd 2013/01/14 v3.01 AMS symbols A
)
LaTeX Font Info:    Trying to load font information for U+msb on input line 2.
 (umsb.fd
File: umsb.fd 2013/01/14 v3.01 AMS symbols B
) [6] [7])
\tf@toc=\write4
\openout4 = `main.toc'.

 [8]
(main.lot)
\tf@lot=\write5
\openout5 = `main.lot'.

 [9] (main.lof)
\tf@lof=\write6
\openout6 = `main.lof'.

 [10] (Inicio/lista_abreviaturas [11]) [12]
(Inicio/lista_simbolos [13]) [14] (Capitulos/introducao
Cap\'{\i }tulo 1.
LaTeX Font Info:    Trying to load font information for TS1+qpl on input line 1
2.
(ts1qpl.fd
File: ts1qpl.fd 2009/09/25 v1.2 font definition file for TS1/qpl
) [1

] [2]
Overfull \hbox (2.46263pt too wide) in paragraph at lines 54--55
\T1/qpl/m/n/12 go-rithm (HC, SA, MC/REMC, Ta-bu-lar Q-Learning, DQN), in-clu-di
ng their mathe-
 []


Overfull \hbox (3.60257pt too wide) in paragraph at lines 56--57
[]\T1/qpl/m/n/12 Details the re-qui-re-ment analy-sis, user in-ter-face pro-tot
ype,
 []

[3]
Overfull \hbox (4.15952pt too wide) in paragraph at lines 60--61
[]\T1/qpl/m/n/12 Summarizes the main achi-e-ve-ments of the
 []

) (Capitulos/capitulo2 [4]
Cap\'{\i }tulo 2.
[5

] [6]
Overfull \hbox (4.41135pt too wide) in paragraph at lines 65--66
\T1/qpl/m/n/12 to fa-vour the more lo-cal (and the-re-fore more fre-quen-tly va
-lid) kink-jump and crankshaft
 []

File: Figuras/move_set.png Graphic file (type bmp)
<Figuras/move_set.png>

Overfull \hbox (0.25453pt too wide) in paragraph at lines 78--79
\T1/qpl/m/n/12 Because exact enu-me-ra-tion is in-fe-a-si-ble, th-ree clas-si-c
al heu-ris-tic se-arch al-go-rithms were
 []


Overfull \hbox (1.45047pt too wide) in paragraph at lines 83--84
\T1/qpl/b/n/12 Hill Clim-bing (HC) \T1/qpl/m/n/12 is a gre-edy lo-cal se-arch a
l-go-rithm. Star-ting from an ini-tial straight-
 []

[7]
Package hyperref Info: bookmark level for unknown algorithm defaults to 0 on in
put line 91.
LaTeX Font Info:    Trying to load font information for T1+lmtt on input line 9
8.
 (t1lmtt.fd
File: t1lmtt.fd 2015/05/01 v1.6.1 Font defs for Latin Modern
) [8] [9]
Overfull \hbox (14.4729pt too wide) detected at line 189
[][]\OML/cmm/m/it/12 R\OT1/cmr/m/n/12 (\OML/cmm/m/it/12 s; a\OT1/cmr/m/n/12 ) =
 []
 []


Overfull \hbox (0.55933pt too wide) in paragraph at lines 204--205
\OML/cmm/m/it/12 ^^M [][] Q\OT1/cmr/m/n/12 (\OML/cmm/m/it/12 s[]; a[]\OT1/cmr/m
/n/12 )$ \T1/qpl/m/n/12 is cal-led the \T1/qpl/m/it/12 TD tar-get \T1/qpl/m/n/1
2 (Tem-po-ral Dif-fe-rence tar-get), and $\OML/cmm/m/it/12 ^^N \OT1/cmr/m/n/12 
= [] \OMS/cmsy/m/n/12 ^^@
 []

[10] [11]
Overfull \hbox (45.42305pt too wide) detected at line 259
[][]\OML/cmm/m/it/12 g[]\OT1/cmr/m/n/12 [\OML/cmm/m/it/12 x; y\OT1/cmr/m/n/12 ]
 = []
 []

[12]
Overfull \hbox (0.37526pt too wide) in paragraph at lines 356--357
\T1/qpl/m/n/12 rec-tion; sub-se-quent re-si-dues are pla-ced via re-la-tive di-
rec-tion de-ci-si-ons (Forward/
 []


Overfull \hbox (66.39987pt too wide) detected at line 371
[][]\OML/cmm/m/it/12 a[] \OT1/cmr/m/n/12 = [] [] \OML/cmm/m/it/12 Q\OT1/cmr/m/n
/12 (\OML/cmm/m/it/12 s[]; a[]\OT1/cmr/m/n/12 ; \OML/cmm/m/it/12 ^^R\OT1/cmr/m/
n/12 ) ;  \OML/cmm/m/it/12 y \OT1/cmr/m/n/12 = \OML/cmm/m/it/12 r \OT1/cmr/m/n/
12 + \OML/cmm/m/it/12 ^^MQ\OT1/cmr/m/n/12 (\OML/cmm/m/it/12 s[]; a[]\OT1/cmr/m/
n/12 ; \OML/cmm/m/it/12 ^^R[]\OT1/cmr/m/n/12 )(1 \OMS/cmsy/m/n/12 ^^@ \OML/cmm/
m/it/12 done\OT1/cmr/m/n/12 ) ;  \OMS/cmsy/m/n/12 L\OT1/cmr/m/n/12 (\OML/cmm/m/
it/12 ^^R\OT1/cmr/m/n/12 ) = \U/msb/m/n/12 E[] []
 []

[13]) [14] (Capitulos/capitulo3 [15]
Cap\'{\i }tulo 3.

Overfull \hbox (0.41335pt too wide) in paragraph at lines 19--20
\T1/qpl/m/n/12 the ex-ter-nal \T1/qpl/b/n/12 De-epGO \T1/qpl/m/n/12 API [[]] to
 re-tri-eve and dis-play Gene On-to-logy (GO) terms
 []

[16

]
Overfull \hbox (1.16655pt too wide) in paragraph at lines 36--37
\T1/qpl/m/n/12 by li-mi-ting the num-ber of se-quen-ces pro-ces-sed per re-ques
t, cons-trai-ning the num-
 []

[17]
File: Figuras/web_platform_architecture.png Graphic file (type bmp)
<Figuras/web_platform_architecture.png>
 [18] [19] [20]) (Capitulos/capitulo4 [21]
Cap\'{\i }tulo 4.
File: Figuras/pipeline_diagram.png Graphic file (type bmp)
<Figuras/pipeline_diagram.png>
[22

]
Overfull \hbox (9.49638pt too wide) in paragraph at lines 45--46
\T1/qpl/m/n/12 The SA im-ple-men-ta-tion (\T1/lmtt/m/n/12 test_-sa.py\T1/qpl/m/
n/12 ) ap-plies the Me-tro-po-lis ac-cep-tance cri-te-rion (Equa-
 []


Overfull \hbox (10.02306pt too wide) in paragraph at lines 45--46
\OT1/cmr/m/n/12 0\OML/cmm/m/it/12 :\OT1/cmr/m/n/12 001$ \T1/qpl/m/n/12 (fi-nal 
tem-pe-ra-ture). The co-o-ling sche-dule fol-lows a ge-o-me-tric/exponential sc
heme:
 []


Overfull \hbox (6.59242pt too wide) in paragraph at lines 57--58
\T1/qpl/m/n/12 The MC im-ple-men-ta-tion (\T1/lmtt/m/n/12 test_-mc.py\T1/qpl/m/
n/12 ) runs at a fi-xed tem-pe-ra-ture (cons-tant th-roughout
 []

[23] [24]
File: Figuras/benchmark_dataset_profile.png Graphic file (type bmp)
<Figuras/benchmark_dataset_profile.png>
 [25]
File: Figuras/convergence_curves.png Graphic file (type bmp)
<Figuras/convergence_curves.png>
 [26] [27] [28] [29] [30]
File: Figuras/ql_convergence_curve.png Graphic file (type bmp)
<Figuras/ql_convergence_curve.png>
 [31] [32]
Overfull \hbox (9.32553pt too wide) in paragraph at lines 343--344
[]\T1/qpl/b/n/12 Sequence-level in-ter-pre-ta-tion: \T1/qpl/m/n/12 The best re-
sults oc-cur on pro-teins with higher hy-dropho-
 []


Overfull \hbox (15.6494pt too wide) in paragraph at lines 347--348
[]\T1/qpl/b/n/12 Implications: \T1/qpl/m/n/12 The cons-truc-tive en-vi-ron-ment
 with re-la-tive di-rec-ti-o-nal ac-ti-ons and rotation-
 []

File: Figuras/dqn_learning_curve.png Graphic file (type bmp)
<Figuras/dqn_learning_curve.png>
[33]
File: Figuras/algorithm_comparison_100k.pdf Graphic file (type pdf)
<use Figuras/algorithm_comparison_100k.pdf>
File: Figuras/performance_vs_cost.pdf Graphic file (type pdf)
<use Figuras/performance_vs_cost.pdf>
 [34] [35] [36]) (Capitulos/conclusao [37]
Cap\'{\i }tulo 5.

Overfull \hbox (0.66261pt too wide) in paragraph at lines 11--12
\T1/qpl/m/n/12 pro-tein analy-sis, in-te-gra-ting both struc-ture pre-dic-tion 
and func-ti-o-nal an-no-ta-tion within
 []

[38

]
Overfull \hbox (15.42653pt too wide) in paragraph at lines 37--38
\T1/qpl/m/n/12 im-ple-men-ted in Py-Torch using a cons-truc-tive, relative-dire
ction for-mu-la-tion. Rather
 []

[39]
Overfull \hbox (0.20544pt too wide) in paragraph at lines 62--63
[]\T1/qpl/b/n/12 Database In-te-gra-tion and Analy-tics: \T1/qpl/m/n/12 Per-sis
-ten-tly sto-ring user-submitted se-quen-
 []


Overfull \hbox (2.91138pt too wide) in paragraph at lines 64--65
\T1/qpl/m/n/12 the Tem-plate Mo-del-ling score (TM-score) or root mean square d
e-vi-a-tion (RMSD),
 []

[40]) [41] (main.bbl [42

] [43]) [44] (Anexos/anexoA
File: Figuras/proteinFastaInput.png Graphic file (type bmp)
<Figuras/proteinFastaInput.png>
File: Figuras/algorithmSelection.png Graphic file (type bmp)
<Figuras/algorithmSelection.png>
 [45

] [46]
File: Figuras/2dStructureParam.png Graphic file (type bmp)
<Figuras/2dStructureParam.png>
) [47]
(Anexos/anexoB
File: Figuras/goTermsResult.png Graphic file (type bmp)
<Figuras/goTermsResult.png>
File: Figuras/2dStructure.png Graphic file (type bmp)
<Figuras/2dStructure.png>
 [48]
File: Figuras/2dStructure2.png Graphic file (type bmp)
<Figuras/2dStructure2.png>
File: Figuras/2dStructure3.png Graphic file (type bmp)
<Figuras/2dStructure3.png>
 [49]
File: Figuras/2dStructure4.png Graphic file (type bmp)
<Figuras/2dStructure4.png>
File: Figuras/2dStructure5.png Graphic file (type bmp)
<Figuras/2dStructure5.png>
 [50]
File: Figuras/3dStructureView.png Graphic file (type bmp)
<Figuras/3dStructureView.png>
) [51] (Anexos/anexoC [52]
File: Figuras/protein_usecase_single_actor_v5_white.svg.png Graphic file (type 
bmp)
<Figuras/protein_usecase_single_actor_v5_white.svg.png>
 [53])
(Setup/ultima_pagina
File: Setup/isec-logo.png Graphic file (type bmp)
<Setup/isec-logo.png>
 [54

]) (main.aux)
Package rerunfilecheck Info: File `main.out' has not changed.
(rerunfilecheck)             Checksum: 12861DC8C49C43984104135B6869E596;11786.
 )
Output written on main.xdv (69 pages, 264580 bytes).
